// Jest Snapshot v1, https://goo.gl/fbAQLP

exports[`<Screens /> can render? 1`] = `
<TransitionGroup
  childFactory={[Function]}
  className="screens"
  component="div"
/>
`;
