// Jest Snapshot v1, https://goo.gl/fbAQLP

exports[`SociogramPrompts selectors get edges for node type 1`] = `
Array [
  Object {
    "color": "blue",
    "label": "an edge",
    "value": "1234-5",
  },
]
`;

exports[`SociogramPrompts selectors get highlight variables for node type 1`] = `
Array [
  Object {
    "label": "my boolean",
    "type": "boolean",
    "value": "1234-1234-3",
  },
  Object {
    "label": "other boolean 2",
    "type": "boolean",
    "value": "1234-1234-4",
  },
]
`;

exports[`SociogramPrompts selectors get layout variables for node type 1`] = `
Array [
  Object {
    "label": "my layout",
    "type": "layout",
    "value": "1234-1234-1",
  },
]
`;
