// Jest Snapshot v1, https://goo.gl/fbAQLP

exports[`<Timeline /> can render 1`] = `
ShallowWrapper {
  Symbol(enzyme.__root__): [Circular],
  Symbol(enzyme.__unrendered__): <Timeline
    deleteStage={[Function]}
    goTo={[Function]}
    overview={Object {}}
    show={true}
    sorting={false}
    stages={Array []}
  />,
  Symbol(enzyme.__renderer__): Object {
    "batchedUpdates": [Function],
    "getNode": [Function],
    "render": [Function],
    "simulateError": [Function],
    "simulateEvent": [Function],
    "unmount": [Function],
  },
  Symbol(enzyme.__node__): Object {
    "instance": null,
    "key": undefined,
    "nodeType": "host",
    "props": Object {
      "children": <div
        className="timeline__stages"
      >
        <TransitionGroup
          childFactory={[Function]}
          component="div"
        />
        <InsertStage
          onCancel={null}
          onSelectStage={[Function]}
        />
      </div>,
      "className": "timeline timeline--show",
    },
    "ref": null,
    "rendered": Object {
      "instance": null,
      "key": undefined,
      "nodeType": "host",
      "props": Object {
        "children": Array [
          false,
          <TransitionGroup
            childFactory={[Function]}
            component="div"
          />,
          <InsertStage
            onCancel={null}
            onSelectStage={[Function]}
          />,
        ],
        "className": "timeline__stages",
      },
      "ref": null,
      "rendered": Array [
        false,
        Object {
          "instance": null,
          "key": undefined,
          "nodeType": "class",
          "props": Object {
            "childFactory": [Function],
            "children": Array [],
            "component": "div",
          },
          "ref": null,
          "rendered": Array [],
          "type": [Function],
        },
        Object {
          "instance": null,
          "key": "insertStage",
          "nodeType": "class",
          "props": Object {
            "onCancel": null,
            "onSelectStage": [Function],
          },
          "ref": null,
          "rendered": null,
          "type": [Function],
        },
      ],
      "type": "div",
    },
    "type": "div",
  },
  Symbol(enzyme.__nodes__): Array [
    Object {
      "instance": null,
      "key": undefined,
      "nodeType": "host",
      "props": Object {
        "children": <div
          className="timeline__stages"
        >
          <TransitionGroup
            childFactory={[Function]}
            component="div"
          />
          <InsertStage
            onCancel={null}
            onSelectStage={[Function]}
          />
        </div>,
        "className": "timeline timeline--show",
      },
      "ref": null,
      "rendered": Object {
        "instance": null,
        "key": undefined,
        "nodeType": "host",
        "props": Object {
          "children": Array [
            false,
            <TransitionGroup
              childFactory={[Function]}
              component="div"
            />,
            <InsertStage
              onCancel={null}
              onSelectStage={[Function]}
            />,
          ],
          "className": "timeline__stages",
        },
        "ref": null,
        "rendered": Array [
          false,
          Object {
            "instance": null,
            "key": undefined,
            "nodeType": "class",
            "props": Object {
              "childFactory": [Function],
              "children": Array [],
              "component": "div",
            },
            "ref": null,
            "rendered": Array [],
            "type": [Function],
          },
          Object {
            "instance": null,
            "key": "insertStage",
            "nodeType": "class",
            "props": Object {
              "onCancel": null,
              "onSelectStage": [Function],
            },
            "ref": null,
            "rendered": null,
            "type": [Function],
          },
        ],
        "type": "div",
      },
      "type": "div",
    },
  ],
  Symbol(enzyme.__options__): Object {
    "adapter": ReactSixteenAdapter {
      "options": Object {
        "enableComponentDidUpdateOnSetState": true,
        "lifecycles": Object {
          "componentDidUpdate": Object {
            "onSetState": true,
          },
          "getDerivedStateFromProps": true,
          "getSnapshotBeforeUpdate": true,
          "setState": Object {
            "skipsComponentDidUpdateOnNullish": true,
          },
        },
      },
    },
    "attachTo": undefined,
    "hydrateIn": undefined,
  },
}
`;
