// Jest Snapshot v1, https://goo.gl/fbAQLP

exports[`<Variable /> can render 1`] = `
ShallowWrapper {
  "length": 1,
  Symbol(enzyme.__root__): [Circular],
  Symbol(enzyme.__unrendered__): <Connect(Variable)
    fieldId="bar"
    form="foo"
    store={
        Object {
            "dispatch": [Function],
            "getState": [Function],
            "replaceReducer": [Function],
            "subscribe": [Function],
            Symbol(observable): [Function],
          }
    }
/>,
  Symbol(enzyme.__renderer__): Object {
    "batchedUpdates": [Function],
    "getNode": [Function],
    "render": [Function],
    "simulateEvent": [Function],
    "unmount": [Function],
  },
  Symbol(enzyme.__node__): Object {
    "instance": null,
    "key": undefined,
    "nodeType": "function",
    "props": Object {
      "dispatch": [Function],
      "fieldId": "bar",
      "form": "foo",
      "isDirty": false,
      "store": Object {
        "dispatch": [Function],
        "getState": [Function],
        "replaceReducer": [Function],
        "subscribe": [Function],
        Symbol(observable): [Function],
      },
      "variableType": null,
    },
    "ref": null,
    "rendered": null,
    "type": [Function],
  },
  Symbol(enzyme.__nodes__): Array [
    Object {
      "instance": null,
      "key": undefined,
      "nodeType": "function",
      "props": Object {
        "dispatch": [Function],
        "fieldId": "bar",
        "form": "foo",
        "isDirty": false,
        "store": Object {
          "dispatch": [Function],
          "getState": [Function],
          "replaceReducer": [Function],
          "subscribe": [Function],
          Symbol(observable): [Function],
        },
        "variableType": null,
      },
      "ref": null,
      "rendered": null,
      "type": [Function],
    },
  ],
  Symbol(enzyme.__options__): Object {
    "adapter": ReactSixteenAdapter {
      "options": Object {
        "enableComponentDidUpdateOnSetState": true,
      },
    },
  },
}
`;
