// Jest Snapshot v1, https://goo.gl/fbAQLP

exports[`<EditStage /> can render 1`] = `
ShallowWrapper {
  Symbol(enzyme.__root__): [Circular],
  Symbol(enzyme.__unrendered__): <EditStage
    createStage={[Function]}
    dirty={false}
    insertAtIndex={null}
    invalid={false}
    onComplete={[Function]}
    previewStage={[Function]}
    show={true}
    stage={Object {}}
    stageId={null}
    submitForm={[Function]}
    updateStage={[Function]}
  />,
  Symbol(enzyme.__renderer__): Object {
    "batchedUpdates": [Function],
    "getNode": [Function],
    "render": [Function],
    "simulateError": [Function],
    "simulateEvent": [Function],
    "unmount": [Function],
  },
  Symbol(enzyme.__node__): Object {
    "instance": null,
    "key": undefined,
    "nodeType": "class",
    "props": Object {
      "buttons": Array [
        <Button
          color=""
          content=""
          icon=""
          iconPosition="right"
          onClick={[Function]}
          size=""
        >
          Continue
        </Button>,
      ],
      "children": <defaultProps(Connect(withState(withHandlers(ReduxForm))))
        form="edit-stage"
        onSubmit={[Function]}
        previewStage={[Function]}
        stage={Object {}}
      />,
      "onCancel": [Function],
      "secondaryButtons": Array [
        <Button
          color="paradise-pink"
          content=""
          icon=""
          iconPosition="right"
          onClick={[Function]}
          size=""
        >
          Preview
        </Button>,
      ],
      "show": true,
    },
    "ref": null,
    "rendered": Object {
      "instance": null,
      "key": undefined,
      "nodeType": "function",
      "props": Object {
        "form": "edit-stage",
        "onSubmit": [Function],
        "previewStage": [Function],
        "stage": Object {},
      },
      "ref": null,
      "rendered": null,
      "type": [Function],
    },
    "type": [Function],
  },
  Symbol(enzyme.__nodes__): Array [
    Object {
      "instance": null,
      "key": undefined,
      "nodeType": "class",
      "props": Object {
        "buttons": Array [
          <Button
            color=""
            content=""
            icon=""
            iconPosition="right"
            onClick={[Function]}
            size=""
          >
            Continue
          </Button>,
        ],
        "children": <defaultProps(Connect(withState(withHandlers(ReduxForm))))
          form="edit-stage"
          onSubmit={[Function]}
          previewStage={[Function]}
          stage={Object {}}
        />,
        "onCancel": [Function],
        "secondaryButtons": Array [
          <Button
            color="paradise-pink"
            content=""
            icon=""
            iconPosition="right"
            onClick={[Function]}
            size=""
          >
            Preview
          </Button>,
        ],
        "show": true,
      },
      "ref": null,
      "rendered": Object {
        "instance": null,
        "key": undefined,
        "nodeType": "function",
        "props": Object {
          "form": "edit-stage",
          "onSubmit": [Function],
          "previewStage": [Function],
          "stage": Object {},
        },
        "ref": null,
        "rendered": null,
        "type": [Function],
      },
      "type": [Function],
    },
  ],
  Symbol(enzyme.__options__): Object {
    "adapter": ReactSixteenAdapter {
      "options": Object {
        "enableComponentDidUpdateOnSetState": true,
        "lifecycles": Object {
          "componentDidUpdate": Object {
            "onSetState": true,
          },
          "getDerivedStateFromProps": true,
          "getSnapshotBeforeUpdate": true,
          "setState": Object {
            "skipsComponentDidUpdateOnNullish": true,
          },
        },
      },
    },
  },
}
`;
