// Jest Snapshot v1, https://goo.gl/fbAQLP

exports[`<EditForm /> can render 1`] = `
ShallowWrapper {
  Symbol(enzyme.__root__): [Circular],
  Symbol(enzyme.__unrendered__): <EditForm
    createForm={[Function]}
    form={Object {}}
    formName={null}
    hasUnsavedChanges={false}
    onComplete={[Function]}
    show={true}
    submitForm={[Function]}
    updateForm={[Function]}
  />,
  Symbol(enzyme.__renderer__): Object {
    "batchedUpdates": [Function],
    "getNode": [Function],
    "render": [Function],
    "simulateError": [Function],
    "simulateEvent": [Function],
    "unmount": [Function],
  },
  Symbol(enzyme.__node__): Object {
    "instance": null,
    "key": undefined,
    "nodeType": "class",
    "props": Object {
      "buttons": Array [],
      "children": <Connect(withProps(withState(withHandlers(ReduxForm))))
        initialValues={Object {}}
        onSubmit={[Function]}
      />,
      "onCancel": [Function],
      "show": true,
    },
    "ref": null,
    "rendered": Object {
      "instance": null,
      "key": undefined,
      "nodeType": "class",
      "props": Object {
        "initialValues": Object {},
        "onSubmit": [Function],
      },
      "ref": null,
      "rendered": null,
      "type": [Function],
    },
    "type": [Function],
  },
  Symbol(enzyme.__nodes__): Array [
    Object {
      "instance": null,
      "key": undefined,
      "nodeType": "class",
      "props": Object {
        "buttons": Array [],
        "children": <Connect(withProps(withState(withHandlers(ReduxForm))))
          initialValues={Object {}}
          onSubmit={[Function]}
        />,
        "onCancel": [Function],
        "show": true,
      },
      "ref": null,
      "rendered": Object {
        "instance": null,
        "key": undefined,
        "nodeType": "class",
        "props": Object {
          "initialValues": Object {},
          "onSubmit": [Function],
        },
        "ref": null,
        "rendered": null,
        "type": [Function],
      },
      "type": [Function],
    },
  ],
  Symbol(enzyme.__options__): Object {
    "adapter": ReactSixteenAdapter {
      "options": Object {
        "enableComponentDidUpdateOnSetState": true,
        "lifecycles": Object {
          "componentDidUpdate": Object {
            "onSetState": true,
          },
          "getDerivedStateFromProps": true,
          "getSnapshotBeforeUpdate": true,
          "setState": Object {
            "skipsComponentDidUpdateOnNullish": true,
          },
        },
      },
    },
  },
}
`;
