// Jest Snapshot v1, https://goo.gl/fbAQLP

exports[`<VariableRegistry /> can render 1`] = `
ShallowWrapper {
  "length": 1,
  Symbol(enzyme.__root__): [Circular],
  Symbol(enzyme.__unrendered__): <VariableRegistry
    deleteType={[Function]}
    onComplete={[Function]}
    protocolPath=""
    show={true}
    variableRegistry={
      Object {
        "edge": Object {},
        "node": Object {},
      }
    }
  />,
  Symbol(enzyme.__renderer__): Object {
    "batchedUpdates": [Function],
    "getNode": [Function],
    "render": [Function],
    "simulateEvent": [Function],
    "unmount": [Function],
  },
  Symbol(enzyme.__node__): Object {
    "instance": null,
    "key": undefined,
    "nodeType": "class",
    "props": Object {
      "buttons": Array [
        <Button
          color="platinum"
          content=""
          icon=""
          iconPosition="right"
          onClick={[Function]}
          size="small"
        >
          Back
        </Button>,
      ],
      "children": <div
        className="editor variable-registry"
      >
        <Connect(Guided)
          className="editor__sections"
        >
          <h1>
            Variable Registry
          </h1>
          <Connect(Guided)
            contentId="guidance.registry.nodes"
          >
            <div
              className="editor__section"
            >
              <h2>
                Node Types
              </h2>
              <div
                className="editor__subsection"
              >
                <div
                  className="list"
                >
                  <TransitionGroup
                    childFactory={[Function]}
                    component="div"
                  />
                </div>
              </div>
              
            </div>
          </Connect(Guided)>
          <Connect(Guided)
            contentId="guidance.registry.edges"
          >
            <div
              className="editor__section"
            >
              <h2>
                Edge Types
              </h2>
              <div
                className="editor__subsection"
              >
                <div
                  className="list"
                >
                  <TransitionGroup
                    childFactory={[Function]}
                    component="div"
                  />
                </div>
              </div>
              <div
                className="editor__subsection"
              >
                
              </div>
            </div>
          </Connect(Guided)>
        </Connect(Guided)>
      </div>,
      "enterDelay": 0,
      "enterDuration": 100,
      "exitDelay": 0,
      "exitDuration": 100,
      "onAcknowledgeError": [Function],
      "show": true,
      "style": "wipe",
      "type": "default",
    },
    "ref": null,
    "rendered": Object {
      "instance": null,
      "key": undefined,
      "nodeType": "host",
      "props": Object {
        "children": <Connect(Guided)
          className="editor__sections"
        >
          <h1>
            Variable Registry
          </h1>
          <Connect(Guided)
            contentId="guidance.registry.nodes"
          >
            <div
              className="editor__section"
            >
              <h2>
                Node Types
              </h2>
              <div
                className="editor__subsection"
              >
                <div
                  className="list"
                >
                  <TransitionGroup
                    childFactory={[Function]}
                    component="div"
                  />
                </div>
              </div>
              
            </div>
          </Connect(Guided)>
          <Connect(Guided)
            contentId="guidance.registry.edges"
          >
            <div
              className="editor__section"
            >
              <h2>
                Edge Types
              </h2>
              <div
                className="editor__subsection"
              >
                <div
                  className="list"
                >
                  <TransitionGroup
                    childFactory={[Function]}
                    component="div"
                  />
                </div>
              </div>
              <div
                className="editor__subsection"
              >
                
              </div>
            </div>
          </Connect(Guided)>
        </Connect(Guided)>,
        "className": "editor variable-registry",
      },
      "ref": null,
      "rendered": Object {
        "instance": null,
        "key": undefined,
        "nodeType": "class",
        "props": Object {
          "children": Array [
            <h1>
              Variable Registry
            </h1>,
            <Connect(Guided)
              contentId="guidance.registry.nodes"
            >
              <div
                className="editor__section"
              >
                <h2>
                  Node Types
                </h2>
                <div
                  className="editor__subsection"
                >
                  <div
                    className="list"
                  >
                    <TransitionGroup
                      childFactory={[Function]}
                      component="div"
                    />
                  </div>
                </div>
                
              </div>
            </Connect(Guided)>,
            <Connect(Guided)
              contentId="guidance.registry.edges"
            >
              <div
                className="editor__section"
              >
                <h2>
                  Edge Types
                </h2>
                <div
                  className="editor__subsection"
                >
                  <div
                    className="list"
                  >
                    <TransitionGroup
                      childFactory={[Function]}
                      component="div"
                    />
                  </div>
                </div>
                <div
                  className="editor__subsection"
                >
                  
                </div>
              </div>
            </Connect(Guided)>,
          ],
          "className": "editor__sections",
        },
        "ref": null,
        "rendered": Array [
          Object {
            "instance": null,
            "key": undefined,
            "nodeType": "host",
            "props": Object {
              "children": "Variable Registry",
            },
            "ref": null,
            "rendered": "Variable Registry",
            "type": "h1",
          },
          Object {
            "instance": null,
            "key": undefined,
            "nodeType": "class",
            "props": Object {
              "children": <div
                className="editor__section"
              >
                <h2>
                  Node Types
                </h2>
                <div
                  className="editor__subsection"
                >
                  <div
                    className="list"
                  >
                    <TransitionGroup
                      childFactory={[Function]}
                      component="div"
                    />
                  </div>
                </div>
                
              </div>,
              "contentId": "guidance.registry.nodes",
            },
            "ref": null,
            "rendered": Object {
              "instance": null,
              "key": undefined,
              "nodeType": "host",
              "props": Object {
                "children": Array [
                  <h2>
                    Node Types
                  </h2>,
                  <div
                    className="editor__subsection"
                  >
                    <div
                      className="list"
                    >
                      <TransitionGroup
                        childFactory={[Function]}
                        component="div"
                      />
                    </div>
                  </div>,
                  "",
                ],
                "className": "editor__section",
              },
              "ref": null,
              "rendered": Array [
                Object {
                  "instance": null,
                  "key": undefined,
                  "nodeType": "host",
                  "props": Object {
                    "children": "Node Types",
                  },
                  "ref": null,
                  "rendered": "Node Types",
                  "type": "h2",
                },
                Object {
                  "instance": null,
                  "key": undefined,
                  "nodeType": "host",
                  "props": Object {
                    "children": <div
                      className="list"
                    >
                      <TransitionGroup
                        childFactory={[Function]}
                        component="div"
                      />
                    </div>,
                    "className": "editor__subsection",
                  },
                  "ref": null,
                  "rendered": Object {
                    "instance": null,
                    "key": undefined,
                    "nodeType": "host",
                    "props": Object {
                      "children": <TransitionGroup
                        childFactory={[Function]}
                        component="div"
                      />,
                      "className": "list",
                    },
                    "ref": null,
                    "rendered": Object {
                      "instance": null,
                      "key": undefined,
                      "nodeType": "class",
                      "props": Object {
                        "childFactory": [Function],
                        "children": Array [],
                        "component": "div",
                      },
                      "ref": null,
                      "rendered": Array [],
                      "type": [Function],
                    },
                    "type": "div",
                  },
                  "type": "div",
                },
                "",
              ],
              "type": "div",
            },
            "type": [Function],
          },
          Object {
            "instance": null,
            "key": undefined,
            "nodeType": "class",
            "props": Object {
              "children": <div
                className="editor__section"
              >
                <h2>
                  Edge Types
                </h2>
                <div
                  className="editor__subsection"
                >
                  <div
                    className="list"
                  >
                    <TransitionGroup
                      childFactory={[Function]}
                      component="div"
                    />
                  </div>
                </div>
                <div
                  className="editor__subsection"
                >
                  
                </div>
              </div>,
              "contentId": "guidance.registry.edges",
            },
            "ref": null,
            "rendered": Object {
              "instance": null,
              "key": undefined,
              "nodeType": "host",
              "props": Object {
                "children": Array [
                  <h2>
                    Edge Types
                  </h2>,
                  <div
                    className="editor__subsection"
                  >
                    <div
                      className="list"
                    >
                      <TransitionGroup
                        childFactory={[Function]}
                        component="div"
                      />
                    </div>
                  </div>,
                  <div
                    className="editor__subsection"
                  >
                    
                  </div>,
                ],
                "className": "editor__section",
              },
              "ref": null,
              "rendered": Array [
                Object {
                  "instance": null,
                  "key": undefined,
                  "nodeType": "host",
                  "props": Object {
                    "children": "Edge Types",
                  },
                  "ref": null,
                  "rendered": "Edge Types",
                  "type": "h2",
                },
                Object {
                  "instance": null,
                  "key": undefined,
                  "nodeType": "host",
                  "props": Object {
                    "children": <div
                      className="list"
                    >
                      <TransitionGroup
                        childFactory={[Function]}
                        component="div"
                      />
                    </div>,
                    "className": "editor__subsection",
                  },
                  "ref": null,
                  "rendered": Object {
                    "instance": null,
                    "key": undefined,
                    "nodeType": "host",
                    "props": Object {
                      "children": <TransitionGroup
                        childFactory={[Function]}
                        component="div"
                      />,
                      "className": "list",
                    },
                    "ref": null,
                    "rendered": Object {
                      "instance": null,
                      "key": undefined,
                      "nodeType": "class",
                      "props": Object {
                        "childFactory": [Function],
                        "children": Array [],
                        "component": "div",
                      },
                      "ref": null,
                      "rendered": Array [],
                      "type": [Function],
                    },
                    "type": "div",
                  },
                  "type": "div",
                },
                Object {
                  "instance": null,
                  "key": undefined,
                  "nodeType": "host",
                  "props": Object {
                    "children": "",
                    "className": "editor__subsection",
                  },
                  "ref": null,
                  "rendered": "",
                  "type": "div",
                },
              ],
              "type": "div",
            },
            "type": [Function],
          },
        ],
        "type": [Function],
      },
      "type": "div",
    },
    "type": [Function],
  },
  Symbol(enzyme.__nodes__): Array [
    Object {
      "instance": null,
      "key": undefined,
      "nodeType": "class",
      "props": Object {
        "buttons": Array [
          <Button
            color="platinum"
            content=""
            icon=""
            iconPosition="right"
            onClick={[Function]}
            size="small"
          >
            Back
          </Button>,
        ],
        "children": <div
          className="editor variable-registry"
        >
          <Connect(Guided)
            className="editor__sections"
          >
            <h1>
              Variable Registry
            </h1>
            <Connect(Guided)
              contentId="guidance.registry.nodes"
            >
              <div
                className="editor__section"
              >
                <h2>
                  Node Types
                </h2>
                <div
                  className="editor__subsection"
                >
                  <div
                    className="list"
                  >
                    <TransitionGroup
                      childFactory={[Function]}
                      component="div"
                    />
                  </div>
                </div>
                
              </div>
            </Connect(Guided)>
            <Connect(Guided)
              contentId="guidance.registry.edges"
            >
              <div
                className="editor__section"
              >
                <h2>
                  Edge Types
                </h2>
                <div
                  className="editor__subsection"
                >
                  <div
                    className="list"
                  >
                    <TransitionGroup
                      childFactory={[Function]}
                      component="div"
                    />
                  </div>
                </div>
                <div
                  className="editor__subsection"
                >
                  
                </div>
              </div>
            </Connect(Guided)>
          </Connect(Guided)>
        </div>,
        "enterDelay": 0,
        "enterDuration": 100,
        "exitDelay": 0,
        "exitDuration": 100,
        "onAcknowledgeError": [Function],
        "show": true,
        "style": "wipe",
        "type": "default",
      },
      "ref": null,
      "rendered": Object {
        "instance": null,
        "key": undefined,
        "nodeType": "host",
        "props": Object {
          "children": <Connect(Guided)
            className="editor__sections"
          >
            <h1>
              Variable Registry
            </h1>
            <Connect(Guided)
              contentId="guidance.registry.nodes"
            >
              <div
                className="editor__section"
              >
                <h2>
                  Node Types
                </h2>
                <div
                  className="editor__subsection"
                >
                  <div
                    className="list"
                  >
                    <TransitionGroup
                      childFactory={[Function]}
                      component="div"
                    />
                  </div>
                </div>
                
              </div>
            </Connect(Guided)>
            <Connect(Guided)
              contentId="guidance.registry.edges"
            >
              <div
                className="editor__section"
              >
                <h2>
                  Edge Types
                </h2>
                <div
                  className="editor__subsection"
                >
                  <div
                    className="list"
                  >
                    <TransitionGroup
                      childFactory={[Function]}
                      component="div"
                    />
                  </div>
                </div>
                <div
                  className="editor__subsection"
                >
                  
                </div>
              </div>
            </Connect(Guided)>
          </Connect(Guided)>,
          "className": "editor variable-registry",
        },
        "ref": null,
        "rendered": Object {
          "instance": null,
          "key": undefined,
          "nodeType": "class",
          "props": Object {
            "children": Array [
              <h1>
                Variable Registry
              </h1>,
              <Connect(Guided)
                contentId="guidance.registry.nodes"
              >
                <div
                  className="editor__section"
                >
                  <h2>
                    Node Types
                  </h2>
                  <div
                    className="editor__subsection"
                  >
                    <div
                      className="list"
                    >
                      <TransitionGroup
                        childFactory={[Function]}
                        component="div"
                      />
                    </div>
                  </div>
                  
                </div>
              </Connect(Guided)>,
              <Connect(Guided)
                contentId="guidance.registry.edges"
              >
                <div
                  className="editor__section"
                >
                  <h2>
                    Edge Types
                  </h2>
                  <div
                    className="editor__subsection"
                  >
                    <div
                      className="list"
                    >
                      <TransitionGroup
                        childFactory={[Function]}
                        component="div"
                      />
                    </div>
                  </div>
                  <div
                    className="editor__subsection"
                  >
                    
                  </div>
                </div>
              </Connect(Guided)>,
            ],
            "className": "editor__sections",
          },
          "ref": null,
          "rendered": Array [
            Object {
              "instance": null,
              "key": undefined,
              "nodeType": "host",
              "props": Object {
                "children": "Variable Registry",
              },
              "ref": null,
              "rendered": "Variable Registry",
              "type": "h1",
            },
            Object {
              "instance": null,
              "key": undefined,
              "nodeType": "class",
              "props": Object {
                "children": <div
                  className="editor__section"
                >
                  <h2>
                    Node Types
                  </h2>
                  <div
                    className="editor__subsection"
                  >
                    <div
                      className="list"
                    >
                      <TransitionGroup
                        childFactory={[Function]}
                        component="div"
                      />
                    </div>
                  </div>
                  
                </div>,
                "contentId": "guidance.registry.nodes",
              },
              "ref": null,
              "rendered": Object {
                "instance": null,
                "key": undefined,
                "nodeType": "host",
                "props": Object {
                  "children": Array [
                    <h2>
                      Node Types
                    </h2>,
                    <div
                      className="editor__subsection"
                    >
                      <div
                        className="list"
                      >
                        <TransitionGroup
                          childFactory={[Function]}
                          component="div"
                        />
                      </div>
                    </div>,
                    "",
                  ],
                  "className": "editor__section",
                },
                "ref": null,
                "rendered": Array [
                  Object {
                    "instance": null,
                    "key": undefined,
                    "nodeType": "host",
                    "props": Object {
                      "children": "Node Types",
                    },
                    "ref": null,
                    "rendered": "Node Types",
                    "type": "h2",
                  },
                  Object {
                    "instance": null,
                    "key": undefined,
                    "nodeType": "host",
                    "props": Object {
                      "children": <div
                        className="list"
                      >
                        <TransitionGroup
                          childFactory={[Function]}
                          component="div"
                        />
                      </div>,
                      "className": "editor__subsection",
                    },
                    "ref": null,
                    "rendered": Object {
                      "instance": null,
                      "key": undefined,
                      "nodeType": "host",
                      "props": Object {
                        "children": <TransitionGroup
                          childFactory={[Function]}
                          component="div"
                        />,
                        "className": "list",
                      },
                      "ref": null,
                      "rendered": Object {
                        "instance": null,
                        "key": undefined,
                        "nodeType": "class",
                        "props": Object {
                          "childFactory": [Function],
                          "children": Array [],
                          "component": "div",
                        },
                        "ref": null,
                        "rendered": Array [],
                        "type": [Function],
                      },
                      "type": "div",
                    },
                    "type": "div",
                  },
                  "",
                ],
                "type": "div",
              },
              "type": [Function],
            },
            Object {
              "instance": null,
              "key": undefined,
              "nodeType": "class",
              "props": Object {
                "children": <div
                  className="editor__section"
                >
                  <h2>
                    Edge Types
                  </h2>
                  <div
                    className="editor__subsection"
                  >
                    <div
                      className="list"
                    >
                      <TransitionGroup
                        childFactory={[Function]}
                        component="div"
                      />
                    </div>
                  </div>
                  <div
                    className="editor__subsection"
                  >
                    
                  </div>
                </div>,
                "contentId": "guidance.registry.edges",
              },
              "ref": null,
              "rendered": Object {
                "instance": null,
                "key": undefined,
                "nodeType": "host",
                "props": Object {
                  "children": Array [
                    <h2>
                      Edge Types
                    </h2>,
                    <div
                      className="editor__subsection"
                    >
                      <div
                        className="list"
                      >
                        <TransitionGroup
                          childFactory={[Function]}
                          component="div"
                        />
                      </div>
                    </div>,
                    <div
                      className="editor__subsection"
                    >
                      
                    </div>,
                  ],
                  "className": "editor__section",
                },
                "ref": null,
                "rendered": Array [
                  Object {
                    "instance": null,
                    "key": undefined,
                    "nodeType": "host",
                    "props": Object {
                      "children": "Edge Types",
                    },
                    "ref": null,
                    "rendered": "Edge Types",
                    "type": "h2",
                  },
                  Object {
                    "instance": null,
                    "key": undefined,
                    "nodeType": "host",
                    "props": Object {
                      "children": <div
                        className="list"
                      >
                        <TransitionGroup
                          childFactory={[Function]}
                          component="div"
                        />
                      </div>,
                      "className": "editor__subsection",
                    },
                    "ref": null,
                    "rendered": Object {
                      "instance": null,
                      "key": undefined,
                      "nodeType": "host",
                      "props": Object {
                        "children": <TransitionGroup
                          childFactory={[Function]}
                          component="div"
                        />,
                        "className": "list",
                      },
                      "ref": null,
                      "rendered": Object {
                        "instance": null,
                        "key": undefined,
                        "nodeType": "class",
                        "props": Object {
                          "childFactory": [Function],
                          "children": Array [],
                          "component": "div",
                        },
                        "ref": null,
                        "rendered": Array [],
                        "type": [Function],
                      },
                      "type": "div",
                    },
                    "type": "div",
                  },
                  Object {
                    "instance": null,
                    "key": undefined,
                    "nodeType": "host",
                    "props": Object {
                      "children": "",
                      "className": "editor__subsection",
                    },
                    "ref": null,
                    "rendered": "",
                    "type": "div",
                  },
                ],
                "type": "div",
              },
              "type": [Function],
            },
          ],
          "type": [Function],
        },
        "type": "div",
      },
      "type": [Function],
    },
  ],
  Symbol(enzyme.__options__): Object {
    "adapter": ReactSixteenAdapter {
      "options": Object {
        "enableComponentDidUpdateOnSetState": true,
      },
    },
  },
}
`;
