// Jest Snapshot v1, https://goo.gl/fbAQLP

exports[`<ViewForms /> can render 1`] = `
ShallowWrapper {
  Symbol(enzyme.__root__): [Circular],
  Symbol(enzyme.__unrendered__): <ViewForms
    deleteForm={[Function]}
    forms={Object {}}
    nodes={Object {}}
    onComplete={[Function]}
    protocolPath={null}
    show={true}
  />,
  Symbol(enzyme.__renderer__): Object {
    "batchedUpdates": [Function],
    "getNode": [Function],
    "render": [Function],
    "simulateError": [Function],
    "simulateEvent": [Function],
    "unmount": [Function],
  },
  Symbol(enzyme.__node__): Object {
    "instance": null,
    "key": undefined,
    "nodeType": "class",
    "props": Object {
      "buttons": Array [
        <Button
          color="platinum"
          content=""
          icon=""
          iconPosition="right"
          onClick={[Function]}
          size="small"
        >
          Back
        </Button>,
      ],
      "children": <div
        className="editor variable-registry"
      >
        <Connect(Guided)
          className="editor__sections"
        >
          <h1>
            Form Manager
          </h1>
          <Connect(Guided)
            contentId="guidance.forms.index"
          >
            <div
              className="editor__section"
            >
              <h2>
                Existing Forms
              </h2>
              <div
                className="editor__subsection"
              >
                <div
                  className="list"
                >
                  <TransitionGroup
                    childFactory={[Function]}
                    component="div"
                  />
                </div>
              </div>
            </div>
          </Connect(Guided)>
        </Connect(Guided)>
      </div>,
      "show": true,
    },
    "ref": null,
    "rendered": Object {
      "instance": null,
      "key": undefined,
      "nodeType": "host",
      "props": Object {
        "children": <Connect(Guided)
          className="editor__sections"
        >
          <h1>
            Form Manager
          </h1>
          <Connect(Guided)
            contentId="guidance.forms.index"
          >
            <div
              className="editor__section"
            >
              <h2>
                Existing Forms
              </h2>
              <div
                className="editor__subsection"
              >
                <div
                  className="list"
                >
                  <TransitionGroup
                    childFactory={[Function]}
                    component="div"
                  />
                </div>
              </div>
            </div>
          </Connect(Guided)>
        </Connect(Guided)>,
        "className": "editor variable-registry",
      },
      "ref": null,
      "rendered": Object {
        "instance": null,
        "key": undefined,
        "nodeType": "class",
        "props": Object {
          "children": Array [
            <h1>
              Form Manager
            </h1>,
            <Connect(Guided)
              contentId="guidance.forms.index"
            >
              <div
                className="editor__section"
              >
                <h2>
                  Existing Forms
                </h2>
                <div
                  className="editor__subsection"
                >
                  <div
                    className="list"
                  >
                    <TransitionGroup
                      childFactory={[Function]}
                      component="div"
                    />
                  </div>
                </div>
              </div>
            </Connect(Guided)>,
          ],
          "className": "editor__sections",
        },
        "ref": null,
        "rendered": Array [
          Object {
            "instance": null,
            "key": undefined,
            "nodeType": "host",
            "props": Object {
              "children": "Form Manager",
            },
            "ref": null,
            "rendered": "Form Manager",
            "type": "h1",
          },
          Object {
            "instance": null,
            "key": undefined,
            "nodeType": "class",
            "props": Object {
              "children": <div
                className="editor__section"
              >
                <h2>
                  Existing Forms
                </h2>
                <div
                  className="editor__subsection"
                >
                  <div
                    className="list"
                  >
                    <TransitionGroup
                      childFactory={[Function]}
                      component="div"
                    />
                  </div>
                </div>
              </div>,
              "contentId": "guidance.forms.index",
            },
            "ref": null,
            "rendered": Object {
              "instance": null,
              "key": undefined,
              "nodeType": "host",
              "props": Object {
                "children": Array [
                  <h2>
                    Existing Forms
                  </h2>,
                  <div
                    className="editor__subsection"
                  >
                    <div
                      className="list"
                    >
                      <TransitionGroup
                        childFactory={[Function]}
                        component="div"
                      />
                    </div>
                  </div>,
                  null,
                ],
                "className": "editor__section",
              },
              "ref": null,
              "rendered": Array [
                Object {
                  "instance": null,
                  "key": undefined,
                  "nodeType": "host",
                  "props": Object {
                    "children": "Existing Forms",
                  },
                  "ref": null,
                  "rendered": "Existing Forms",
                  "type": "h2",
                },
                Object {
                  "instance": null,
                  "key": undefined,
                  "nodeType": "host",
                  "props": Object {
                    "children": <div
                      className="list"
                    >
                      <TransitionGroup
                        childFactory={[Function]}
                        component="div"
                      />
                    </div>,
                    "className": "editor__subsection",
                  },
                  "ref": null,
                  "rendered": Object {
                    "instance": null,
                    "key": undefined,
                    "nodeType": "host",
                    "props": Object {
                      "children": <TransitionGroup
                        childFactory={[Function]}
                        component="div"
                      />,
                      "className": "list",
                    },
                    "ref": null,
                    "rendered": Object {
                      "instance": null,
                      "key": undefined,
                      "nodeType": "class",
                      "props": Object {
                        "childFactory": [Function],
                        "children": Array [],
                        "component": "div",
                      },
                      "ref": null,
                      "rendered": Array [],
                      "type": [Function],
                    },
                    "type": "div",
                  },
                  "type": "div",
                },
                null,
              ],
              "type": "div",
            },
            "type": [Function],
          },
        ],
        "type": [Function],
      },
      "type": "div",
    },
    "type": [Function],
  },
  Symbol(enzyme.__nodes__): Array [
    Object {
      "instance": null,
      "key": undefined,
      "nodeType": "class",
      "props": Object {
        "buttons": Array [
          <Button
            color="platinum"
            content=""
            icon=""
            iconPosition="right"
            onClick={[Function]}
            size="small"
          >
            Back
          </Button>,
        ],
        "children": <div
          className="editor variable-registry"
        >
          <Connect(Guided)
            className="editor__sections"
          >
            <h1>
              Form Manager
            </h1>
            <Connect(Guided)
              contentId="guidance.forms.index"
            >
              <div
                className="editor__section"
              >
                <h2>
                  Existing Forms
                </h2>
                <div
                  className="editor__subsection"
                >
                  <div
                    className="list"
                  >
                    <TransitionGroup
                      childFactory={[Function]}
                      component="div"
                    />
                  </div>
                </div>
              </div>
            </Connect(Guided)>
          </Connect(Guided)>
        </div>,
        "show": true,
      },
      "ref": null,
      "rendered": Object {
        "instance": null,
        "key": undefined,
        "nodeType": "host",
        "props": Object {
          "children": <Connect(Guided)
            className="editor__sections"
          >
            <h1>
              Form Manager
            </h1>
            <Connect(Guided)
              contentId="guidance.forms.index"
            >
              <div
                className="editor__section"
              >
                <h2>
                  Existing Forms
                </h2>
                <div
                  className="editor__subsection"
                >
                  <div
                    className="list"
                  >
                    <TransitionGroup
                      childFactory={[Function]}
                      component="div"
                    />
                  </div>
                </div>
              </div>
            </Connect(Guided)>
          </Connect(Guided)>,
          "className": "editor variable-registry",
        },
        "ref": null,
        "rendered": Object {
          "instance": null,
          "key": undefined,
          "nodeType": "class",
          "props": Object {
            "children": Array [
              <h1>
                Form Manager
              </h1>,
              <Connect(Guided)
                contentId="guidance.forms.index"
              >
                <div
                  className="editor__section"
                >
                  <h2>
                    Existing Forms
                  </h2>
                  <div
                    className="editor__subsection"
                  >
                    <div
                      className="list"
                    >
                      <TransitionGroup
                        childFactory={[Function]}
                        component="div"
                      />
                    </div>
                  </div>
                </div>
              </Connect(Guided)>,
            ],
            "className": "editor__sections",
          },
          "ref": null,
          "rendered": Array [
            Object {
              "instance": null,
              "key": undefined,
              "nodeType": "host",
              "props": Object {
                "children": "Form Manager",
              },
              "ref": null,
              "rendered": "Form Manager",
              "type": "h1",
            },
            Object {
              "instance": null,
              "key": undefined,
              "nodeType": "class",
              "props": Object {
                "children": <div
                  className="editor__section"
                >
                  <h2>
                    Existing Forms
                  </h2>
                  <div
                    className="editor__subsection"
                  >
                    <div
                      className="list"
                    >
                      <TransitionGroup
                        childFactory={[Function]}
                        component="div"
                      />
                    </div>
                  </div>
                </div>,
                "contentId": "guidance.forms.index",
              },
              "ref": null,
              "rendered": Object {
                "instance": null,
                "key": undefined,
                "nodeType": "host",
                "props": Object {
                  "children": Array [
                    <h2>
                      Existing Forms
                    </h2>,
                    <div
                      className="editor__subsection"
                    >
                      <div
                        className="list"
                      >
                        <TransitionGroup
                          childFactory={[Function]}
                          component="div"
                        />
                      </div>
                    </div>,
                    null,
                  ],
                  "className": "editor__section",
                },
                "ref": null,
                "rendered": Array [
                  Object {
                    "instance": null,
                    "key": undefined,
                    "nodeType": "host",
                    "props": Object {
                      "children": "Existing Forms",
                    },
                    "ref": null,
                    "rendered": "Existing Forms",
                    "type": "h2",
                  },
                  Object {
                    "instance": null,
                    "key": undefined,
                    "nodeType": "host",
                    "props": Object {
                      "children": <div
                        className="list"
                      >
                        <TransitionGroup
                          childFactory={[Function]}
                          component="div"
                        />
                      </div>,
                      "className": "editor__subsection",
                    },
                    "ref": null,
                    "rendered": Object {
                      "instance": null,
                      "key": undefined,
                      "nodeType": "host",
                      "props": Object {
                        "children": <TransitionGroup
                          childFactory={[Function]}
                          component="div"
                        />,
                        "className": "list",
                      },
                      "ref": null,
                      "rendered": Object {
                        "instance": null,
                        "key": undefined,
                        "nodeType": "class",
                        "props": Object {
                          "childFactory": [Function],
                          "children": Array [],
                          "component": "div",
                        },
                        "ref": null,
                        "rendered": Array [],
                        "type": [Function],
                      },
                      "type": "div",
                    },
                    "type": "div",
                  },
                  null,
                ],
                "type": "div",
              },
              "type": [Function],
            },
          ],
          "type": [Function],
        },
        "type": "div",
      },
      "type": [Function],
    },
  ],
  Symbol(enzyme.__options__): Object {
    "adapter": ReactSixteenAdapter {
      "options": Object {
        "enableComponentDidUpdateOnSetState": true,
        "lifecycles": Object {
          "componentDidUpdate": Object {
            "onSetState": true,
          },
          "getDerivedStateFromProps": true,
          "getSnapshotBeforeUpdate": true,
          "setState": Object {
            "skipsComponentDidUpdateOnNullish": true,
          },
        },
      },
    },
    "attachTo": undefined,
    "hydrateIn": undefined,
  },
}
`;
