// Jest Snapshot v1, https://goo.gl/fbAQLP

exports[`<Item /> can render 1`] = `
ShallowWrapper {
  "length": 1,
  Symbol(enzyme.__root__): [Circular],
  Symbol(enzyme.__unrendered__): <Item
    editing={null}
    fieldId="foo"
    handleDelete={[Function]}
    item={
      Object {
        "content": null,
        "size": null,
        "type": null,
      }
    }
    onChooseItemType={[Function]}
    onToggleItemEdit={[Function]}
    spareCapacity={0}
  />,
  Symbol(enzyme.__renderer__): Object {
    "batchedUpdates": [Function],
    "getNode": [Function],
    "render": [Function],
    "simulateEvent": [Function],
    "unmount": [Function],
  },
  Symbol(enzyme.__node__): Object {
    "instance": null,
    "key": undefined,
    "nodeType": "host",
    "props": Object {
      "children": Array [
        false,
        <div
          className="content-grid-item__edit"
        >
          <ItemChooser
            onChooseItemType={[Function]}
            show={true}
          />
          <ItemEditor
            content={null}
            name="foo"
            onComplete={[Function]}
            show={false}
            size={null}
            spareCapacity={0}
            type={null}
          />
        </div>,
      ],
      "className": "content-grid-item content-grid-item--new",
      "onClick": [Function],
    },
    "ref": null,
    "rendered": Array [
      false,
      Object {
        "instance": null,
        "key": undefined,
        "nodeType": "host",
        "props": Object {
          "children": Array [
            <ItemChooser
              onChooseItemType={[Function]}
              show={true}
            />,
            <ItemEditor
              content={null}
              name="foo"
              onComplete={[Function]}
              show={false}
              size={null}
              spareCapacity={0}
              type={null}
            />,
          ],
          "className": "content-grid-item__edit",
        },
        "ref": null,
        "rendered": Array [
          Object {
            "instance": null,
            "key": undefined,
            "nodeType": "function",
            "props": Object {
              "onChooseItemType": [Function],
              "show": true,
            },
            "ref": null,
            "rendered": null,
            "type": [Function],
          },
          Object {
            "instance": null,
            "key": undefined,
            "nodeType": "class",
            "props": Object {
              "content": null,
              "name": "foo",
              "onComplete": [Function],
              "show": false,
              "size": null,
              "spareCapacity": 0,
              "type": null,
            },
            "ref": null,
            "rendered": null,
            "type": [Function],
          },
        ],
        "type": "div",
      },
    ],
    "type": "div",
  },
  Symbol(enzyme.__nodes__): Array [
    Object {
      "instance": null,
      "key": undefined,
      "nodeType": "host",
      "props": Object {
        "children": Array [
          false,
          <div
            className="content-grid-item__edit"
          >
            <ItemChooser
              onChooseItemType={[Function]}
              show={true}
            />
            <ItemEditor
              content={null}
              name="foo"
              onComplete={[Function]}
              show={false}
              size={null}
              spareCapacity={0}
              type={null}
            />
          </div>,
        ],
        "className": "content-grid-item content-grid-item--new",
        "onClick": [Function],
      },
      "ref": null,
      "rendered": Array [
        false,
        Object {
          "instance": null,
          "key": undefined,
          "nodeType": "host",
          "props": Object {
            "children": Array [
              <ItemChooser
                onChooseItemType={[Function]}
                show={true}
              />,
              <ItemEditor
                content={null}
                name="foo"
                onComplete={[Function]}
                show={false}
                size={null}
                spareCapacity={0}
                type={null}
              />,
            ],
            "className": "content-grid-item__edit",
          },
          "ref": null,
          "rendered": Array [
            Object {
              "instance": null,
              "key": undefined,
              "nodeType": "function",
              "props": Object {
                "onChooseItemType": [Function],
                "show": true,
              },
              "ref": null,
              "rendered": null,
              "type": [Function],
            },
            Object {
              "instance": null,
              "key": undefined,
              "nodeType": "class",
              "props": Object {
                "content": null,
                "name": "foo",
                "onComplete": [Function],
                "show": false,
                "size": null,
                "spareCapacity": 0,
                "type": null,
              },
              "ref": null,
              "rendered": null,
              "type": [Function],
            },
          ],
          "type": "div",
        },
      ],
      "type": "div",
    },
  ],
  Symbol(enzyme.__options__): Object {
    "adapter": ReactSixteenAdapter {
      "options": Object {
        "enableComponentDidUpdateOnSetState": true,
      },
    },
  },
}
`;
