// Jest Snapshot v1, https://goo.gl/fbAQLP

exports[`<ProtocolControlBar /> can render 1`] = `
ShallowWrapper {
  Symbol(enzyme.__root__): [Circular],
  Symbol(enzyme.__unrendered__): <ProtocolControlBar
    hasAnyStages={false}
    hasUnsavedChanges={false}
    saveProtocol={[Function]}
    show={true}
  />,
  Symbol(enzyme.__renderer__): Object {
    "batchedUpdates": [Function],
    "getNode": [Function],
    "render": [Function],
    "simulateError": [Function],
    "simulateEvent": [Function],
    "unmount": [Function],
  },
  Symbol(enzyme.__node__): Object {
    "instance": null,
    "key": undefined,
    "nodeType": "function",
    "props": Object {
      "buttons": <Button
        color="white"
        content=""
        disabled={true}
        icon={
          <Icon
            className=""
            color=""
            name="arrow-right"
            style={Object {}}
          />
        }
        iconPosition="right"
        onClick={[Function]}
        size=""
      >
        Save
      </Button>,
      "className": "",
      "flip": false,
      "secondaryButtons": null,
      "show": false,
    },
    "ref": null,
    "rendered": null,
    "type": [Function],
  },
  Symbol(enzyme.__nodes__): Array [
    Object {
      "instance": null,
      "key": undefined,
      "nodeType": "function",
      "props": Object {
        "buttons": <Button
          color="white"
          content=""
          disabled={true}
          icon={
            <Icon
              className=""
              color=""
              name="arrow-right"
              style={Object {}}
            />
          }
          iconPosition="right"
          onClick={[Function]}
          size=""
        >
          Save
        </Button>,
        "className": "",
        "flip": false,
        "secondaryButtons": null,
        "show": false,
      },
      "ref": null,
      "rendered": null,
      "type": [Function],
    },
  ],
  Symbol(enzyme.__options__): Object {
    "adapter": ReactSixteenAdapter {
      "options": Object {
        "enableComponentDidUpdateOnSetState": true,
        "lifecycles": Object {
          "componentDidUpdate": Object {
            "onSetState": true,
          },
          "getDerivedStateFromProps": true,
          "getSnapshotBeforeUpdate": true,
          "setState": Object {
            "skipsComponentDidUpdateOnNullish": true,
          },
        },
      },
    },
  },
}
`;
