// Jest Snapshot v1, https://goo.gl/fbAQLP

exports[`<RecentProtocols /> can render? 1`] = `
ShallowWrapper {
  Symbol(enzyme.__root__): [Circular],
  Symbol(enzyme.__unrendered__): <RecentProtocols
    recentProtocols={Array []}
    show={true}
  />,
  Symbol(enzyme.__renderer__): Object {
    "batchedUpdates": [Function],
    "getNode": [Function],
    "render": [Function],
    "simulateError": [Function],
    "simulateEvent": [Function],
    "unmount": [Function],
  },
  Symbol(enzyme.__node__): Object {
    "instance": null,
    "key": undefined,
    "nodeType": "host",
    "props": Object {
      "children": <div
        className="recent-protocols__welcome"
      >
        <h1>
          Getting Started
        </h1>
        <p>
          Welcome to Network Canvas Architect! To get started, use the buttons above to create a new interview protocol, or open an existing one from elsewhere. When you return to this screen later, recent protocols you have opened will be shown here.
        </p>
      </div>,
      "className": "recent-protocols",
    },
    "ref": null,
    "rendered": Object {
      "instance": null,
      "key": undefined,
      "nodeType": "host",
      "props": Object {
        "children": Array [
          <h1>
            Getting Started
          </h1>,
          <p>
            Welcome to Network Canvas Architect! To get started, use the buttons above to create a new interview protocol, or open an existing one from elsewhere. When you return to this screen later, recent protocols you have opened will be shown here.
          </p>,
        ],
        "className": "recent-protocols__welcome",
      },
      "ref": null,
      "rendered": Array [
        Object {
          "instance": null,
          "key": undefined,
          "nodeType": "host",
          "props": Object {
            "children": "Getting Started",
          },
          "ref": null,
          "rendered": "Getting Started",
          "type": "h1",
        },
        Object {
          "instance": null,
          "key": undefined,
          "nodeType": "host",
          "props": Object {
            "children": "Welcome to Network Canvas Architect! To get started, use the buttons above to create a new interview protocol, or open an existing one from elsewhere. When you return to this screen later, recent protocols you have opened will be shown here.",
          },
          "ref": null,
          "rendered": "Welcome to Network Canvas Architect! To get started, use the buttons above to create a new interview protocol, or open an existing one from elsewhere. When you return to this screen later, recent protocols you have opened will be shown here.",
          "type": "p",
        },
      ],
      "type": "div",
    },
    "type": "div",
  },
  Symbol(enzyme.__nodes__): Array [
    Object {
      "instance": null,
      "key": undefined,
      "nodeType": "host",
      "props": Object {
        "children": <div
          className="recent-protocols__welcome"
        >
          <h1>
            Getting Started
          </h1>
          <p>
            Welcome to Network Canvas Architect! To get started, use the buttons above to create a new interview protocol, or open an existing one from elsewhere. When you return to this screen later, recent protocols you have opened will be shown here.
          </p>
        </div>,
        "className": "recent-protocols",
      },
      "ref": null,
      "rendered": Object {
        "instance": null,
        "key": undefined,
        "nodeType": "host",
        "props": Object {
          "children": Array [
            <h1>
              Getting Started
            </h1>,
            <p>
              Welcome to Network Canvas Architect! To get started, use the buttons above to create a new interview protocol, or open an existing one from elsewhere. When you return to this screen later, recent protocols you have opened will be shown here.
            </p>,
          ],
          "className": "recent-protocols__welcome",
        },
        "ref": null,
        "rendered": Array [
          Object {
            "instance": null,
            "key": undefined,
            "nodeType": "host",
            "props": Object {
              "children": "Getting Started",
            },
            "ref": null,
            "rendered": "Getting Started",
            "type": "h1",
          },
          Object {
            "instance": null,
            "key": undefined,
            "nodeType": "host",
            "props": Object {
              "children": "Welcome to Network Canvas Architect! To get started, use the buttons above to create a new interview protocol, or open an existing one from elsewhere. When you return to this screen later, recent protocols you have opened will be shown here.",
            },
            "ref": null,
            "rendered": "Welcome to Network Canvas Architect! To get started, use the buttons above to create a new interview protocol, or open an existing one from elsewhere. When you return to this screen later, recent protocols you have opened will be shown here.",
            "type": "p",
          },
        ],
        "type": "div",
      },
      "type": "div",
    },
  ],
  Symbol(enzyme.__options__): Object {
    "adapter": ReactSixteenAdapter {
      "options": Object {
        "enableComponentDidUpdateOnSetState": true,
        "lifecycles": Object {
          "componentDidUpdate": Object {
            "onSetState": true,
          },
          "getDerivedStateFromProps": true,
          "getSnapshotBeforeUpdate": true,
          "setState": Object {
            "skipsComponentDidUpdateOnNullish": true,
          },
        },
      },
    },
  },
}
`;
