// Jest Snapshot v1, https://goo.gl/fbAQLP

exports[`<ScreenTransition /> can render 1`] = `
ShallowWrapper {
  "length": 1,
  Symbol(enzyme.__root__): [Circular],
  Symbol(enzyme.__unrendered__): <ScreenTransition
    timeout={1000}
>
    [Function]
</ScreenTransition>,
  Symbol(enzyme.__renderer__): Object {
    "batchedUpdates": [Function],
    "getNode": [Function],
    "render": [Function],
    "simulateEvent": [Function],
    "unmount": [Function],
  },
  Symbol(enzyme.__node__): Object {
    "instance": null,
    "key": null,
    "nodeType": "class",
    "props": Object {
      "appear": false,
      "children": [Function],
      "enter": true,
      "exit": true,
      "in": false,
      "mountOnEnter": false,
      "onEnter": [Function],
      "onEntered": [Function],
      "onEntering": [Function],
      "onExit": [Function],
      "onExited": [Function],
      "onExiting": [Function],
      "timeout": 1000,
      "unmountOnExit": true,
    },
    "ref": null,
    "rendered": [Function],
    "type": [Function],
  },
  Symbol(enzyme.__nodes__): Array [
    Object {
      "instance": null,
      "key": null,
      "nodeType": "class",
      "props": Object {
        "appear": false,
        "children": [Function],
        "enter": true,
        "exit": true,
        "in": false,
        "mountOnEnter": false,
        "onEnter": [Function],
        "onEntered": [Function],
        "onEntering": [Function],
        "onExit": [Function],
        "onExited": [Function],
        "onExiting": [Function],
        "timeout": 1000,
        "unmountOnExit": true,
      },
      "ref": null,
      "rendered": [Function],
      "type": [Function],
    },
  ],
  Symbol(enzyme.__options__): Object {
    "adapter": ReactSixteenAdapter {
      "options": Object {
        "enableComponentDidUpdateOnSetState": true,
      },
    },
  },
}
`;
