// Jest Snapshot v1, https://goo.gl/fbAQLP

exports[`<TimelineStage /> can render 1`] = `
ShallowWrapper {
  "length": 1,
  Symbol(enzyme.__root__): [Circular],
  Symbol(enzyme.__unrendered__): <TimelineStage
    onEditSkipLogic={[Function]}
    onEditStage={[Function]}
    type="Foo"
/>,
  Symbol(enzyme.__renderer__): Object {
    "batchedUpdates": [Function],
    "getNode": [Function],
    "render": [Function],
    "simulateEvent": [Function],
    "unmount": [Function],
  },
  Symbol(enzyme.__node__): Object {
    "instance": null,
    "key": null,
    "nodeType": "host",
    "props": Object {
      "children": Array [
        <div
          className="timeline-stage__preview"
          onClick={[Function]}
          role="button"
          tabIndex="0"
>
          <img
                    alt=""
                    className="timeline-stage__preview-image"
                    src="/images/timeline/stage--Foo.png"
          />
</div>,
        <TimelineEditSkipLogic
          onEditSkipLogic={[Function]}
/>,
      ],
      "className": "timeline-stage",
    },
    "ref": null,
    "rendered": Array [
      Object {
        "instance": null,
        "key": null,
        "nodeType": "host",
        "props": Object {
          "children": <img
            alt=""
            className="timeline-stage__preview-image"
            src="/images/timeline/stage--Foo.png"
/>,
          "className": "timeline-stage__preview",
          "onClick": [Function],
          "role": "button",
          "tabIndex": "0",
        },
        "ref": null,
        "rendered": Object {
          "instance": null,
          "key": null,
          "nodeType": "host",
          "props": Object {
            "alt": "",
            "className": "timeline-stage__preview-image",
            "src": "/images/timeline/stage--Foo.png",
          },
          "ref": null,
          "rendered": null,
          "type": "img",
        },
        "type": "div",
      },
      Object {
        "instance": null,
        "key": null,
        "nodeType": "class",
        "props": Object {
          "onEditSkipLogic": [Function],
        },
        "ref": null,
        "rendered": null,
        "type": [Function],
      },
    ],
    "type": "div",
  },
  Symbol(enzyme.__nodes__): Array [
    Object {
      "instance": null,
      "key": null,
      "nodeType": "host",
      "props": Object {
        "children": Array [
          <div
            className="timeline-stage__preview"
            onClick={[Function]}
            role="button"
            tabIndex="0"
>
            <img
                        alt=""
                        className="timeline-stage__preview-image"
                        src="/images/timeline/stage--Foo.png"
            />
</div>,
          <TimelineEditSkipLogic
            onEditSkipLogic={[Function]}
/>,
        ],
        "className": "timeline-stage",
      },
      "ref": null,
      "rendered": Array [
        Object {
          "instance": null,
          "key": null,
          "nodeType": "host",
          "props": Object {
            "children": <img
              alt=""
              className="timeline-stage__preview-image"
              src="/images/timeline/stage--Foo.png"
/>,
            "className": "timeline-stage__preview",
            "onClick": [Function],
            "role": "button",
            "tabIndex": "0",
          },
          "ref": null,
          "rendered": Object {
            "instance": null,
            "key": null,
            "nodeType": "host",
            "props": Object {
              "alt": "",
              "className": "timeline-stage__preview-image",
              "src": "/images/timeline/stage--Foo.png",
            },
            "ref": null,
            "rendered": null,
            "type": "img",
          },
          "type": "div",
        },
        Object {
          "instance": null,
          "key": null,
          "nodeType": "class",
          "props": Object {
            "onEditSkipLogic": [Function],
          },
          "ref": null,
          "rendered": null,
          "type": [Function],
        },
      ],
      "type": "div",
    },
  ],
  Symbol(enzyme.__options__): Object {
    "adapter": ReactSixteenAdapter {
      "options": Object {
        "enableComponentDidUpdateOnSetState": true,
      },
    },
  },
}
`;
