// Jest Snapshot v1, https://goo.gl/fbAQLP

exports[`<TimelineAddNew /> can render 1`] = `
ShallowWrapper {
  "length": 1,
  Symbol(enzyme.__root__): [Circular],
  Symbol(enzyme.__unrendered__): <TimelineAddNew
    onInsertStage={[Function]}
/>,
  Symbol(enzyme.__renderer__): Object {
    "batchedUpdates": [Function],
    "getNode": [Function],
    "render": [Function],
    "simulateEvent": [Function],
    "unmount": [Function],
  },
  Symbol(enzyme.__node__): Object {
    "instance": null,
    "key": null,
    "nodeType": "host",
    "props": Object {
      "children": <getContext(Draft(Component))
        onInsertStage={[Function]}
        zoomColors={
                Array [
                        "#3a3a75",
                        "#3a3a75",
                      ]
        }
/>,
      "className": "timeline-add-new",
    },
    "ref": null,
    "rendered": Object {
      "instance": null,
      "key": null,
      "nodeType": "function",
      "props": Object {
        "onInsertStage": [Function],
        "zoomColors": Array [
          "#3a3a75",
          "#3a3a75",
        ],
      },
      "ref": null,
      "rendered": null,
      "type": [Function],
    },
    "type": "div",
  },
  Symbol(enzyme.__nodes__): Array [
    Object {
      "instance": null,
      "key": null,
      "nodeType": "host",
      "props": Object {
        "children": <getContext(Draft(Component))
          onInsertStage={[Function]}
          zoomColors={
                    Array [
                              "#3a3a75",
                              "#3a3a75",
                            ]
          }
/>,
        "className": "timeline-add-new",
      },
      "ref": null,
      "rendered": Object {
        "instance": null,
        "key": null,
        "nodeType": "function",
        "props": Object {
          "onInsertStage": [Function],
          "zoomColors": Array [
            "#3a3a75",
            "#3a3a75",
          ],
        },
        "ref": null,
        "rendered": null,
        "type": [Function],
      },
      "type": "div",
    },
  ],
  Symbol(enzyme.__options__): Object {
    "adapter": ReactSixteenAdapter {
      "options": Object {
        "enableComponentDidUpdateOnSetState": true,
      },
    },
  },
}
`;
