// Jest Snapshot v1, https://goo.gl/fbAQLP

exports[`codebook selectors getVariableOptionsForSubject() extracts variables for nodeType into options list for ego entity 1`] = `
Array [
  Object {
    "isUsed": false,
    "label": "SIERRA",
    "type": "text",
    "value": "sierra",
  },
  Object {
    "isUsed": false,
    "label": "TANGO",
    "type": "text",
    "value": "tango",
  },
]
`;

exports[`codebook selectors getVariableOptionsForSubject() extracts variables for nodeType into options list for node entity 1`] = `
Array [
  Object {
    "isUsed": true,
    "label": "ALPHA",
    "type": "text",
    "value": "alpha",
  },
  Object {
    "isUsed": true,
    "label": "BRAVO",
    "type": "text",
    "value": "bravo",
  },
  Object {
    "isUsed": false,
    "label": "CHARLIE",
    "type": "location",
    "value": "charlie",
  },
  Object {
    "isUsed": true,
    "label": "1234-1234-4",
    "type": "text",
    "value": "1234-1234-4",
  },
  Object {
    "isUsed": true,
    "label": "1234-1234-5",
    "type": "text",
    "value": "1234-1234-5",
  },
]
`;
